<html>
<body>
<pre>
<h1>礦ision Build Log</h1>
<h2>Tool Versions:</h2>
IDE-Version: μVision V5.23.0.0
Copyright (C) 2017 ARM Ltd and ARM Germany GmbH. All rights reserved.
License Information: xw asus, cuit, LIC=KRMUH-WYFLG-HKMBD-8JRR6-7UGXM-QG497
 
Tool Versions:
Toolchain:       MDK-ARM Plus  Version: 5.23
Toolchain Path:  E:\Programe\keil 32\ARM\ARMCC\Bin
C Compiler:      Armcc.exe V5.06 update 4 (build 422)
Assembler:       Armasm.exe V5.06 update 4 (build 422)
Linker/Locator:  ArmLink.exe V5.06 update 4 (build 422)
Library Manager: ArmAr.exe V5.06 update 4 (build 422)
Hex Converter:   FromElf.exe V5.06 update 4 (build 422)
CPU DLL:         SARMCM3.DLL V5.23
Dialog DLL:      DCM.DLL V1.15.0.0
Target DLL:      STLink\ST-LINKIII-KEIL_SWO.dll V2.0.18.0
Dialog DLL:      TCM.DLL V1.27.0.0
 
<h2>Project:</h2>
F:\天津科迪特科技有限责任公司\5-淘宝模块汇总设计\5-频率源模块汇总\1-数字合成频率源模块\3-KDT985X-003-S-频率发生器-20181230\KDT985X-003-S-频率发生器-买家资料-20190706\KDT985X-测试参考程序-STM32F103X\USER\VirtualCOMPort.uvprojx
Project File Date:  02/22/2019

<h2>Output:</h2>
*** Using Compiler 'V5.06 update 4 (build 422)', folder: 'E:\Programe\keil 32\ARM\ARMCC\Bin'
Rebuild target 'VirtualCOMPort'
assembling startup_stm32f10x_md.s...
compiling core_cm3.c...
compiling stm32f10x_exti.c...
compiling stm32f10x_it.c...
compiling system_stm32f10x.c...
compiling misc.c...
compiling stm32f10x_gpio.c...
compiling stm32f10x_fsmc.c...
compiling stm32f10x_rcc.c...
compiling stm32f10x_crc.c...
compiling stm32f10x_bkp.c...
compiling stm32f10x_adc.c...
compiling stm32f10x_usart.c...
compiling stm32f10x_cec.c...
compiling stm32f10x_can.c...
compiling stm32f10x_dac.c...
compiling stm32f10x_dbgmcu.c...
compiling stm32f10x_flash.c...
compiling stm32f10x_iwdg.c...
compiling stm32f10x_dma.c...
compiling stm32f10x_pwr.c...
compiling stm32f10x_i2c.c...
compiling stm32f10x_rtc.c...
compiling stm32f10x_spi.c...
compiling stm32f10x_wwdg.c...
compiling stm32f10x_sdio.c...
compiling delay.c...
compiling stm32f10x_tim.c...
compiling usart.c...
compiling sys.c...
compiling led.c...
compiling main.c...
compiling AD9851.c...
..\HARDWARE\AD9851\AD9851.c(43): warning:  #1134-D: literal treated as "long long"
  x=4294967295/180;//适合180M晶振/180为最终时钟频率（或30M六倍频）
..\HARDWARE\AD9851\AD9851.c(86): warning:  #1134-D: literal treated as "long long"
  x=4294967295/180;//适合180M晶振/180为最终时钟频率（或30M六倍频）
..\HARDWARE\AD9851\AD9851.c: 2 warnings, 0 errors
linking...
Program Size: Code=8364 RO-data=328 RW-data=60 ZI-data=1700  
FromELF: creating hex file...
"..\OBJ\VirtualCOMPort.axf" - 0 Error(s), 2 Warning(s).

<h2>Collection of Component include folders:</h2>
  .\RTE\_VirtualCOMPort
  E:\Programe\keil 32\ARM\PACK\Keil\STM32F1xx_DFP\2.2.0\Device\Include

<h2>Collection of Component Files used:</h2>
Build Time Elapsed:  00:00:06
</pre>
</body>
</html>
