<html>
<body>
<pre>
<h1>礦ision Build Log</h1>
<h2>Project:</h2>
D:\MyAdd\淘宝网店\AD与DA\AD\ADS1292\ADS1292R模块资料\测试程序\STM32F103\STM32F103_ADS1292_20200914\Project\ADS1292.uvproj
Project File Date:  09/15/2020

<h2>Output:</h2>
Rebuild target 'ADS1292'
compiling main.c...
compiling stm32f10x_it.c...
compiling LED.c...
compiling PeripheralInit.c...
compiling Delay.c...
compiling lze_lcd.c...
compiling usart.c...
compiling spi.c...
compiling ADS1292.c...
compiling misc.c...
compiling stm32f10x_rcc.c...
compiling stm32f10x_gpio.c...
compiling stm32f10x_exti.c...
compiling stm32f10x_tim.c...
compiling stm32f10x_fsmc.c...
compiling stm32f10x_usart.c...
compiling stm32f10x_spi.c...
compiling core_cm3.c...
compiling system_stm32f10x.c...
assembling startup_stm32f10x_hd.s...
linking...
Program Size: Code=4352 RO-data=396 RW-data=28 ZI-data=1852  
FromELF: creating hex file...
".\Obj\ADS1292.axf" - 0 Error(s), 0 Warning(s).
Build target 'ADS1292'
linking...
Program Size: Code=4352 RO-data=396 RW-data=28 ZI-data=1852  
FromELF: creating hex file...
".\Obj\ADS1292.axf" - 0 Error(s), 0 Warning(s).
