<html>
<body>
<pre>
<h1>礦ision Build Log</h1>
<h2>Tool Versions:</h2>
IDE-Version: μVision V5.29.0.0
Copyright (C) 2019 ARM Ltd and ARM Germany GmbH. All rights reserved.
License Information: SD 312145581@qq.com, DS, LIC=4ZLTG-VXG6L-495G2-9WNVL-ERB77-X8XR0
 
Tool Versions:
Toolchain:       MDK-ARM Professional  Version: 5.29.0.0
Toolchain Path:  D:\electronic design\MDK5\ARM\ARMCC\Bin
C Compiler:      Armcc.exe V5.06 update 6 (build 750)
Assembler:       Armasm.exe V5.06 update 6 (build 750)
Linker/Locator:  ArmLink.exe V5.06 update 6 (build 750)
Library Manager: ArmAr.exe V5.06 update 6 (build 750)
Hex Converter:   FromElf.exe V5.06 update 6 (build 750)
CPU DLL:         SARMCM3.DLL V5.29.0.0
Dialog DLL:      DCM.DLL V1.17.3.0
Target DLL:      STLink\ST-LINKIII-KEIL_SWO.dll V3.0.7.0
Dialog DLL:      TCM.DLL V1.36.5.0
 
<h2>Project:</h2>
C:\Users\31214\Desktop\实验52 DSP测试实验\实验52-2 DSP FFT测试\USER\DSP_FFT.uvprojx
Project File Date:  03/20/2020

<h2>Output:</h2>
*** Using Compiler 'V5.06 update 6 (build 750)', folder: 'D:\electronic design\MDK5\ARM\ARMCC\Bin'
Rebuild target 'DSP_FFT'
assembling startup_stm32f767xx.s...
compiling system_stm32f7xx.c...
compiling stm32f7xx_hal_dma.c...
compiling stm32f7xx_hal_dma_ex.c...
compiling stm32f7xx_hal.c...
compiling stm32f7xx_it.c...
compiling stm32f7xx_hal_cortex.c...
compiling main.c...
compiling stm32f7xx_hal_usart.c...
compiling stm32f7xx_hal_pwr.c...
compiling stm32f7xx_hal_uart.c...
compiling stm32f7xx_hal_rcc.c...
compiling stm32f7xx_hal_gpio.c...
compiling stm32f7xx_hal_pwr_ex.c...
compiling stm32f7xx_hal_rcc_ex.c...
compiling stm32f7xx_hal_sdram.c...
compiling stm32f7xx_hal_tim_ex.c...
compiling stm32f7xx_hal_ltdc_ex.c...
compiling stm32f7xx_hal_ltdc.c...
compiling stm32f7xx_hal_sram.c...
compiling stm32f7xx_ll_fmc.c...
compiling stm32f7xx_hal_tim.c...
compiling sys.c...
compiling sdram.c...
compiling usart.c...
compiling led.c...
compiling key.c...
compiling delay.c...
compiling lcd.c...
compiling usmart_str.c...
compiling fft.c...
compiling usmart.c...
compiling timer.c...
compiling ltdc.c...
compiling usmart_config.c...
linking...
Program Size: Code=49766 RO-data=57166 RW-data=504 ZI-data=2066936  
FromELF: creating hex file...
"..\OBJ\DSP_FFT.axf" - 0 Error(s), 0 Warning(s).

<h2>Software Packages used:</h2>

Package Vendor: Keil
                https://www.keil.com/pack/Keil.STM32F7xx_DFP.2.12.0.pack
                Keil.STM32F7xx_DFP.2.12.0
                STMicroelectronics STM32F7 Series Device Support, Drivers and Examples

<h2>Collection of Component include folders:</h2>
  .\RTE\_DSP_FFT
  D:\electronic design\MDK5\pack\Keil.STM32F7xx_DFP.2.12.0\Drivers\CMSIS\Device\ST\STM32F7xx\Include

<h2>Collection of Component Files used:</h2>
Build Time Elapsed:  00:00:26
</pre>
</body>
</html>
